<?xml version="1.0" encoding="UTF-8"?>
<testsuites name="jest tests" tests="7" failures="0" errors="0" time="1.481">
  <testsuite name="Payment Validation" errors="0" failures="0" skipped="0" timestamp="2024-03-31T10:36:50" time="1.003" tests="7">
    <testcase classname="Payment Validation Should have the correct input type for all fields" name="Payment Validation Should have the correct input type for all fields" time="0.054">
    </testcase>
    <testcase classname="Payment Validation Should validate the card number correctly" name="Payment Validation Should validate the card number correctly" time="0.026">
    </testcase>
    <testcase classname="Payment Validation Should validate the name correctly" name="Payment Validation Should validate the name correctly" time="0.016">
    </testcase>
    <testcase classname="Payment Validation Should validate the month correctly" name="Payment Validation Should validate the month correctly" time="0.017">
    </testcase>
    <testcase classname="Payment Validation Should validate the year correctly" name="Payment Validation Should validate the year correctly" time="0.026">
    </testcase>
    <testcase classname="Payment Validation Should validate the CVV correctly" name="Payment Validation Should validate the CVV correctly" time="0.012">
    </testcase>
    <testcase classname="Payment Validation Submit button should only be enabled if all validations are complete" name="Payment Validation Submit button should only be enabled if all validations are complete" time="0.014">
    </testcase>
  </testsuite>
</testsuites>